16 ETFs, 2016-01-04 to 2024-12-31; CAGR / Sharpe (no rf) / max DD / turnover per year
SPY buy and hold, close to close: 14.5%, Sharpe 0.84, maxDD -33.8%
missing after fill: []
CRP daily                A 12.0%   B1bp 12.0%

CWMR (their variant)
  A paper method           17.5%   0.91  -33.1%     353x
  B +1 bp                  13.4%   0.73  -33.3%     353x
  B +5 bp                  -1.5%   0.02  -44.2%     353x
  C one-day delay          16.2%   0.87  -34.1%     354x
  D btest timing           14.7%   0.81  -32.2%     356x
  E btest timing +1 bp     10.7%   0.62  -32.5%     356x

PAMR (their settings)
  A paper method           13.2%   0.73  -42.9%     136x
  B +1 bp                  11.6%   0.66  -43.0%     136x
  B +5 bp                   5.7%   0.38  -43.6%     136x
  C one-day delay          14.3%   0.80  -37.5%     135x
  D btest timing           11.4%   0.66  -45.1%     135x
  E btest timing +1 bp      9.9%   0.59  -45.3%     135x

Anticor
  A paper method           10.0%   0.61  -36.1%     263x
  B +1 bp                   7.1%   0.47  -36.3%     263x
  B +5 bp                  -3.6%  -0.11  -49.1%     263x
  C one-day delay          14.9%   0.83  -31.4%     263x
  D btest timing            9.1%   0.58  -39.1%     265x
  E btest timing +1 bp      6.2%   0.43  -39.2%     265x

CWMR memory length, btest timing, from session 253 on (both invested):
  full history, 0 bp         15.8%
  full history, 1 bp         11.7%
  last 252 sessions, 0 bp     8.6%
  last 252 sessions, 1 bp     4.1%
  SPY same span              14.4%

With measured half-spreads (one half-spread per dollar traded):
  CWMR (their variant)     paper method  15.7% (Sharpe 0.83)   btest timing  12.9% (Sharpe 0.73)
  PAMR (their settings)    paper method  12.0% (Sharpe 0.67)   btest timing  10.2% (Sharpe 0.61)
  Anticor                  paper method   7.9% (Sharpe 0.50)   btest timing   6.9% (Sharpe 0.47)
  CWMR break-even flat cost vs SPY (paper method): 0.74 bp per dollar traded
  CWMR break-even flat cost vs SPY (btest timing): 0.03 bp per dollar traded

CWMR input definition, earning 15:45 fill to fill:
  15:14 over 15:14 (row D)            14.7%
  closes, today 15:14 over close      16.3%   +1 bp   12.3%
  engine-style break-even vs SPY (CAGR): 0.43 bp; SPY fill-to-fill 14.6%

Paired Sharpe tests (annualized Sharpe difference, z, p, correlation), no risk-free rate:
  CWMR A vs SPY                                +0.07  z +0.65  p 0.51  rho 0.95
  CWMR A vs CRP                                +0.17  z +1.30  p 0.19  rho 0.92
  CWMR A measured spreads vs SPY               -0.01  z -0.08  p 0.94  rho 0.95
  CWMR A measured spreads vs CRP               +0.10  z +0.72  p 0.47  rho 0.92
  CWMR engine-style measured spreads vs SPY    -0.07  z -0.65  p 0.52  rho 0.95
  CWMR A minus SPY: mean +3.0% a year, SE 2.1% (95% CI -1.2% to +7.1%)

Start-date sensitivity (CWMR restarted from equal weights each January), method A, no costs:
  start     CWMR     CRP     SPY   CWMR, measured spreads
  2016     17.5%   12.0%   14.5%                    15.7%
  2017     14.6%   11.8%   14.7%                    12.8%
  2018     14.9%   10.5%   13.7%                    13.1%
  2019     15.2%   13.7%   17.1%                    13.3%
  2020     14.9%   11.1%   14.5%                    12.8%
  2021     13.2%   10.5%   13.5%                    10.9%
  2022      5.8%    5.9%    8.9%                     3.5%
  2023     22.6%   16.1%   25.6%                    19.5%

Calendar-year return differences, CWMR (2016 start, method A, no costs) minus SPY:
  2016: -0.1%  2017: +13.5%  2018: +12.3%  2019: -0.6%  2020: +10.7%  2021: +5.4%  2022: -8.6%  2023: -4.2%  2024: +3.9%
