93 tickers, 3019 days, 1998-01-02 to 2009-12-31
reproduction (final wealth): {'CWMR': 1590.3818, 'PAMR': 788.2571, 'Anticor': 36.8868, 'RMR': 18.9278, 'OLMAR': 12.1584, 'FTRL': 15.249, 'EG': 12.1584, 'CRP': 12.1584, 'Buy and hold': 9.1742}
OLMAR: days the target weights changed: 0 of 3018
EG: days the target weights changed: 0 of 3018
tickers with >20 leading placeholder days: 20; with >20 trailing: ['APCC', 'BGEN', 'MEDI', 'NXTL', 'SEBL']
spike-and-reverse pairs: [('PCAR', '2000-02-16', np.float64(0.536), np.float64(1.943)), ('XRAY', '2004-07-22', np.float64(0.468), np.float64(2.087))]

All 93 tickers (paper sample): 93 tickers. wealth / CAGR / Sharpe (rf 5%, paper) / Sharpe (no rf)
  CRP     A paper 12.2 (23.2%, 0.76/0.95)  A +1bp 12.1 (23.1%, 0.75/0.95)  A +5bp 11.8 (22.9%, 0.75/0.94)  A +10bp 11.5 (22.6%, 0.74/0.93)  one-day delay 12.2 (23.2%, 0.75/0.95)  delay +5bp 11.8 (22.9%, 0.74/0.94)
  CWMR    A paper 1,590.4 (85.0%, 1.75/1.88)  A +1bp 1,174.2 (80.4%, 1.68/1.81)  A +5bp 348.7 (63.0%, 1.40/1.53)  A +10bp 76.4 (43.6%, 1.05/1.18)  one-day delay 89.8 (45.6%, 1.13/1.28)  delay +5bp 20.1 (28.5%, 0.76/0.91)
  PAMR    A paper 788.3 (74.5%, 1.63/1.77)  A +1bp 580.2 (70.1%, 1.56/1.70)  A +5bp 170.2 (53.5%, 1.26/1.40)  A +10bp 36.7 (35.1%, 0.90/1.04)  one-day delay 149.2 (51.9%, 1.26/1.41)  delay +5bp 33.1 (33.9%, 0.89/1.03)
  Anticor A paper 36.9 (35.1%, 1.02/1.19)  A +1bp 27.2 (31.8%, 0.93/1.10)  A +5bp 8.1 (19.0%, 0.58/0.75)  A +10bp 1.8 (4.8%, 0.14/0.31)  one-day delay 23.1 (30.0%, 0.87/1.04)  delay +5bp 5.1 (14.5%, 0.44/0.61)
  FTRL    A paper 15.2 (25.5%, 1.04/1.30)  A +1bp 15.2 (25.5%, 1.04/1.30)  A +5bp 14.9 (25.3%, 1.03/1.29)  A +10bp 14.5 (25.0%, 1.02/1.28)  one-day delay 15.2 (25.5%, 1.04/1.29)  delay +5bp 14.9 (25.3%, 1.03/1.28)

Same, with the 2 spike-and-reverse pairs set to 1.0: 93 tickers. wealth / CAGR / Sharpe (rf 5%, paper) / Sharpe (no rf)
  CRP     A paper 12.0 (23.1%, 0.75/0.94)  A +1bp 12.0 (23.0%, 0.75/0.94)  A +5bp 11.7 (22.8%, 0.74/0.93)  A +10bp 11.4 (22.5%, 0.73/0.92)  one-day delay 12.0 (23.1%, 0.75/0.94)  delay +5bp 11.7 (22.8%, 0.74/0.93)
  CWMR    A paper 1,120.4 (79.7%, 1.70/1.84)  A +1bp 827.1 (75.2%, 1.63/1.76)  A +5bp 245.5 (58.3%, 1.34/1.48)  A +10bp 53.8 (39.5%, 0.98/1.12)  one-day delay 83.6 (44.7%, 1.12/1.26)  delay +5bp 18.7 (27.7%, 0.75/0.89)
  PAMR    A paper 625.9 (71.2%, 1.59/1.73)  A +1bp 460.6 (66.8%, 1.51/1.65)  A +5bp 135.0 (50.6%, 1.22/1.36)  A +10bp 29.1 (32.5%, 0.84/0.99)  one-day delay 147.8 (51.8%, 1.26/1.40)  delay +5bp 32.7 (33.8%, 0.89/1.03)
  Anticor A paper 35.7 (34.8%, 1.01/1.18)  A +1bp 26.4 (31.4%, 0.92/1.09)  A +5bp 7.8 (18.7%, 0.57/0.74)  A +10bp 1.7 (4.5%, 0.13/0.30)  one-day delay 23.3 (30.0%, 0.88/1.04)  delay +5bp 5.1 (14.5%, 0.44/0.61)
  FTRL    A paper 14.9 (25.3%, 1.03/1.29)  A +1bp 14.8 (25.3%, 1.03/1.29)  A +5bp 14.6 (25.1%, 1.02/1.28)  A +10bp 14.2 (24.8%, 1.01/1.27)  one-day delay 15.0 (25.3%, 1.03/1.29)  delay +5bp 14.6 (25.1%, 1.02/1.28)

Tickers with data over (almost) the whole sample: 61 tickers. wealth / CAGR / Sharpe (rf 5%, paper) / Sharpe (no rf)
  CRP     A paper 10.2 (21.4%, 0.66/0.84)  A +1bp 10.2 (21.4%, 0.66/0.84)  A +5bp 9.9 (21.1%, 0.65/0.83)  A +10bp 9.7 (20.8%, 0.64/0.82)  one-day delay 10.2 (21.4%, 0.66/0.84)  delay +5bp 9.9 (21.1%, 0.65/0.83)
  CWMR    A paper 1,679.3 (85.9%, 1.85/2.00)  A +1bp 1,205.9 (80.8%, 1.77/1.92)  A +5bp 320.5 (61.9%, 1.45/1.59)  A +10bp 61.1 (41.0%, 1.04/1.18)  one-day delay 24.8 (30.8%, 0.85/1.00)  delay +5bp 4.8 (14.1%, 0.42/0.57)
  PAMR    A paper 441.2 (66.2%, 1.46/1.59)  A +1bp 320.9 (61.9%, 1.38/1.52)  A +5bp 89.8 (45.6%, 1.09/1.22)  A +10bp 18.3 (27.4%, 0.72/0.85)  one-day delay 85.1 (44.9%, 1.10/1.24)  delay +5bp 17.7 (27.1%, 0.72/0.86)
  Anticor A paper 18.4 (27.5%, 0.83/1.00)  A +1bp 13.6 (24.3%, 0.74/0.91)  A +5bp 4.0 (12.3%, 0.38/0.55)  A +10bp 0.9 (-1.2%, -0.07/0.10)  one-day delay 16.8 (26.5%, 0.79/0.96)  delay +5bp 3.6 (11.4%, 0.35/0.52)
  FTRL    A paper 6.7 (17.2%, 0.48/0.61)  A +1bp 6.6 (17.1%, 0.48/0.61)  A +5bp 6.5 (16.9%, 0.47/0.60)  A +10bp 6.3 (16.6%, 0.47/0.60)  one-day delay 6.7 (17.2%, 0.48/0.61)  delay +5bp 6.5 (16.9%, 0.47/0.60)

Paired Sharpe tests vs CRP on the paper's data (annualized difference, z, p):
  CWMR A                 +0.94  z +4.25  p 0.0000  rho 0.71
  CWMR A +10bp           +0.23  z +1.06  p 0.2872  rho 0.71
  CWMR one-day delay     +0.33  z +1.62  p 0.1057  rho 0.75
  CWMR delay +5bp        -0.04  z -0.18  p 0.8578  rho 0.75
  PAMR A                 +0.82  z +5.94  p 0.0000  rho 0.89
  PAMR A +10bp           +0.09  z +0.64  p 0.5215  rho 0.89
  PAMR one-day delay     +0.46  z +3.70  p 0.0002  rho 0.91
  PAMR delay +5bp        +0.09  z +0.70  p 0.4862  rho 0.91
  PAMR delay +10bp       -0.29  z -2.31  p 0.0210  rho 0.91
