strategy                               daily         A: trade weekly          B: weekly bars
                              CAGR  Sh  turn          CAGR  Sh  turn          CAGR  Sh  turn
CWMR (paper)               13.8% 0.65   349x       14.3% 0.68    78x       17.6% 0.81    73x
PAMR (paper)               11.0% 0.54   137x       12.5% 0.61    49x       13.7% 0.65    44x
Anticor                     8.1% 0.41   268x       14.5% 0.73    73x       13.0% 0.66    56x
RMR                        11.8% 0.62     5x       12.4% 0.65     2x       12.9% 0.68     2x
Pattern matching            8.3% 0.43    65x       10.8% 0.56    27x       12.8% 0.58    15x
Follow the leader          12.1% 0.63     0x       12.7% 0.66     0x       13.1% 0.68     0x
FTRL                       11.9% 0.62     1x       12.5% 0.65     1x       12.8% 0.67     1x
Exponential gradient       11.9% 0.62     1x       12.5% 0.65     1x       12.8% 0.67     1x
Universal portfolios       12.3% 0.65     1x       12.8% 0.68     1x       13.1% 0.69     1x
FTLH                       12.1% 0.62   152x       10.7% 0.55    32x       11.0% 0.58    35x
Meta, exponential          12.4% 0.62   159x       13.2% 0.66    41x       14.8% 0.73    38x
Meta, Newton               10.3% 0.51   302x       11.8% 0.58    65x       14.0% 0.69    67x
OLMAR (Li-Hoi)              6.9% 0.31   300x        6.8% 0.31    91x               (not run)
CRP monthly                11.8% 0.62     0x
SPY buy and hold           13.8% 0.73     0x

== CWMR, A: daily signal, trade weekly (SPY 13.8%, Sharpe 0.73)
week end: CAGR 14.3%, Sharpe 0.68, max DD -33.3%; paired Sharpe vs SPY -0.07, p 0.49, rho 0.95
year minus SPY: 2016: -5.1%  2017: -3.0%  2018: +6.4%  2019: -8.1%  2020: -1.7%  2021: +19.4%  2022: -5.9%  2023: +5.7%  2024: +1.3%
every 5 sessions, 5 offsets: CAGR 15.0%, 18.7%, 14.6%, 14.6%, 14.7%; Sharpe 0.71, 0.87, 0.68, 0.69, 0.70; beating SPY on both: 1 of 5

== CWMR, B: weekly bars (SPY 13.8%, Sharpe 0.73)
week end: CAGR 17.6%, Sharpe 0.81, max DD -30.4%; paired Sharpe vs SPY +0.06, p 0.68, rho 0.92
year minus SPY: 2016: +10.6%  2017: -10.4%  2018: +7.0%  2019: +12.0%  2020: +20.0%  2021: +6.0%  2022: -0.1%  2023: -13.1%  2024: +5.9%
every 5 sessions, 5 offsets: CAGR 12.4%, 13.4%, 13.2%, 13.9%, 9.4%; Sharpe 0.59, 0.63, 0.63, 0.65, 0.46; beating SPY on both: 0 of 5
